---
source: tests/snapshots.rs
expression: choice

---
variants:
  - random_element: AgQbzI7_NulX5AZav0Ty90yRPsu9APHrKvYGo03s3Dn_
    blinded_element: Ap9uGRrxTZpokI5bSjq33H5WMsM6EwjF1o--egduVmgM
  - random_element: ArTsnXyCGVQRsyWMha-strO2-d3lZjFcnhysFN6qdz5F
    blinded_element: As6fY_BbuFwa1s8U4gQnrewXVrq0_Peuso4p2FrC3FQr
  - random_element: AvyDBYSVQ3AZO2Z3t9yOdQ_LEqhvwGwPCv6bL6OYuz87
    blinded_element: Aj1nlVV5A3sQzS-Z1pCk2LMkBBDjX_FJvxDiswYqfhSx
  - random_element: A1ccbaZpQHth3doN8JtL7UUKoSE024Bu637aUjdQcZKX
    blinded_element: ArByKTDJ1_ZoTHy6jyDCg-YWuOuvXN7cO5mRblNQbPFn
  - random_element: Az7PQJdBQlY3kkrJarOBrCSvmHmnjjJmL4NULjhnkydZ
    blinded_element: ApHfsPbl-nRo1vmXsFweeNo01ihSBNwm3Y59Nv_OTmmI
range_proof:
  common_challenge: YbuE2s-7bIM4B-j4kMzq1WNjri7dOr2YbuwM48IcQsA
  ring_responses:
    - cCaCg76iaRAVWthy6G3JqG4EOw1Dw7p_HgBfZ8kGWMo
    - A5GmkLDdIK_ElgFwnTy7KW9tnQxDslStKdohL-Lw-jo
    - APPJtwj4HeqzFoyIUSDxnEpUBtnKF8b_1-ETwEZON6Q
    - JOSPSDFwLEmTWdaVRhRgS_NBxHSMQyiPZC7DdBf2qz8
    - K2FeXUbwKbSVLPYj3zk2WOriHPk0wUeaQxKDikM6Hak
    - abjbejMVQqsxThw2mDuheunKgQFXOyTZPE8xXnj3J4Q
    - Rc6YO1oSKrOVLCUJsDvVJlA-isUazfUlNwwnvRPEFAI
    - wKI1juuh2eJ89djhTcbppYZsQuR3gdROj75GdLlR5do
    - LDK2bisgsAUSMDREARdQ8hFaxfw5CMDZOy4wsGSsziI
    - AtxlAGMPfUxBlUGZd1QEkqsdVx9foXiJEJ2RkN0uY3U
sum_proof:
  challenge: tG-4j34f5AR8xt7tWx5nmTYk4oLQgqExleWeyoO7Ze8
  response: zIg415cW6Emy9dD174-3DMslPiHNPkXqfdmHYbRpB5M

