---
source: tests/snapshots.rs
expression: ciphertext_with_proof

---
ciphertext:
  blinded_element: Aqr3F8gU1UEk63HrL2YVqBPPQND2qwBESv2nMM7ITvq8
  random_element: AgQbzI7_NulX5AZav0Ty90yRPsu9APHrKvYGo03s3Dn_
proof:
  common_challenge: 56_gutaVNLfILplShjtqb50WhpPKoJILtF4B_RVXSHI
  partial_ciphertexts:
    - blinded_element: AwH5KFdowRaehQgqnVITpIikMIQLKUZkE64IbESM5okW
      random_element: AoDPSwZ1sGnygcyk1n2xIVBVXE2EVxec1enBbZINfU0h
    - blinded_element: Ax3zER0VldFzEk64D7kVukX0kqTN8O3p4vjZ31nD6rX7
      random_element: A1vpeX89czeuNEIMmtycQuD-vyOBOVhf_k8lFjDpGS1x
  ring_responses:
    - AtxlAGMPfUxBlUGZd1QEkqsdVx9foXiJEJ2RkN0uY3U
    - Rc6YO1oSKrOVLCUJsDvVJlA-isUazfUlNwwnvRPEFAI
    - 3AGSLyEtAxbA6UTGAdV9IEoWOYmL7KwJOzJs0yp9jAE
    - 7e08r_Ko1RFmr9tJdJ34kSWR_IkVUa-dP7KWBo7200M
    - iyh83JWrNH6fxy7sgI7y-fVVc491uukD47-dZNpTCT8
    - cgLs-lveO6KKLQa5w9aJM1QnORdO9il9dFlUQnWCVYc
    - WCR_faw2fO5VL7kBSEFWX57sZtqUwoeMNKU1SIGCx_8
    - abjbejMVQqsxThw2mDuheunKgQFXOyTZPE8xXnj3J4Q
    - Hq4ttiTnxW5k1afBQG3TVK1aTiVAsQKvK348xq_jtJY
    - hpsBh8x4NTsDjGH0jPLzntAM4iT_h7_6dorzzHWoSlA
    - P-oL5VRvgyJImzcZh9gJeHToyqH15UMU9ArT1d2YXtg
    - VtNJYdsqVE8mxUPqwW6U_-Wy1uLOveNb9pnNRL2FgyQ
    - hxY98KfuJmWutatzItOCObUP9qmxhJ6RGP55be1SV6I
    - dvzLv2IkNfu_cU_uzU5T1tr48nv-NKYqEzO-GFnhyKY

