---
source: tests/snapshots.rs
expression: ciphertext_with_proof

---
ciphertext:
  blinded_element: 9ERMZxlJmwa1pcLjSZfcLVU00hme4amWCqnRO3kfUSo
  random_element: 0lT4d7k1SjKe3qyUc8RASsTAprkAqHoGLo1ZR65KNnY
proof:
  common_challenge: P3E5UePUNP6Sb56SibaVPCF8w2OCs0KdG3aExgJjYQk
  partial_ciphertexts:
    - blinded_element: SIMcjNY1pEnnnmMVjVlo7litoJKQwE-RPTCSUjgQOkY
      random_element: gugt6pqWT9lwtV7WdEdZsVSYTUe0VyNh2w_CzDMKHXQ
    - blinded_element: dn-caVRfDfrcwaQLL3rNqEZTN2PVE4MQKxjHEUnInQU
      random_element: 2nV9MTLOkmcRBlG2wTutVkbIi7BgH_z-Xjb8kU6L2jk
  ring_responses:
    - OVQmzJrszYnIb0oUFteCjWKpMx_Y2Ew9KFyEAeFejQg
    - EIfmWQ_74uv-AbLAn2ifW1sTu2BiaiqYYb4N6az2XAA
    - 0eMUOW6AN37QMTLBLU6s1LXZtPzWnfKaxJBDnJX9swo
    - CoNRRFG5wnN2eagD-EIlsKjTU-bcPvJxao51kp6b2Qk
    - EWICmTsD9AiJ0cAhSLmzM70sMZRWZtWs8UUPJQ2EKwI
    - HeI7WGnm9gqVKzMAAqY59P1PSOYAEE5V2jLDX0Ar6A4
    - FWt6W-P4LfPFqq3fFe15WVvuEwFtRseqlFjwYRmQkQ4
    - sGf7fGoa-4sdoAqXhM_SmaRpGBHmkazRXmYpHlf0kwY
    - 7wu7Jci5S1Ppz2uIytwiVJ4jj_3WSI8SRRBA0hLsGQQ
    - HY3H4TRY_Xt5nn1KGaYmoHWfFgmQuMl7TgMwMQj7Agw
    - IZvQK70YQ9yiUjqdAX7NBfkPa0dq1hkts97xXrDw9Qg
    - yAUVqN1tPa_JxChHFLFXQsL-jt5frA7GJsj4D3Gs6gQ
    - zI2752a_uLhwlKm8BULySmm_OQFHDQEXbOzemDKJVQg
    - Je2UfVEXzwRNj435C7RLleqRj55GHWtUQENhu5UeswE

