---
source: tests/snapshots.rs
assertion_line: 189
expression: commitment_with_proof
---
ciphertext:
  blinded_element: dtgjCjLgWM9p__dqKjLX2uO-wCYr9eFC89FYfFaGTDg
  random_element: gugt6pqWT9lwtV7WdEdZsVSYTUe0VyNh2w_CzDMKHXQ
commitment: lHT2a6AewHoET3a82RQJaML87eN2fwEH1yCjGA98JSY
proof:
  challenge: w5affnYGUR2u9Y4eXBCyakyQ8Oj681Aayx4FKBdlUQU
  commitment_response: 1_kcEt4lNzvRirFPUGJORT8deIfo4iDdttAARqQkcwA
  randomness_response: B_JEtu43XQMsTedgnA05WTKP4A6CYJW0gmN98wYcSQQ
  value_response: zeBQjPE-8APdvci24pCLH3GBxn_kn7pRhxGFXy0WRwA

